Fri, 26-Jul-2024 16:30:59 runner.py[line:41] INFO Let's us2024-07-2Fri, 26-Jul-2024 16:30:59 runner.py[line:46] INFO Lo2024-07-26 16:50:5Fri, 26-Jul-2024 16:30:59 runner.p2024-07-26 16:51:00,226 - mFri, 26-Jul-2024 16:30:00 logging.py[line:107] INFO initialize ResNet with init_cfg {'type': 'Pretrained', 'c2024-07-26 16:51:03,186 - mmdet - INFO - Convert model with Sync BatchNorm
2024-07-26 16:51:03,268 - mmdet - INFO - => Warning: no checkpoint found at ''
2024-07-26 16:51:03,413 - mmdet - INFO - ========================================
Args:Config (path: config/release_iccv/latr_1000_baseline.py): {'dataset_name': 'openlane', 'dataset': '1000', 'data_dir': '/root/workspace/data/openlane/lane3d_1000/', 'dataset_dir': '/root/workspace/data/openlane/images/', 'output_dir': 'openlane', 'org_h': 1280, 'org_w': 1920, 'crop_y': 0, 'ipm_h': 208, 'ipm_w': 128, 'resize_h': 720, 'resize_w': 960, 'mean': [0.485, 0.456, 0.406], 'std': [0.229, 0.224, 0.225], 'cam_height': 1.55, 'pitch': 3, 'fix_cam': False, 'pred_cam': False, 'model_name': 'LATR', 'weight_init': 'normal', 'mod': 'release_iccv/latr_1000_baseline', 'position_embedding': 'learned', 'max_lanes': 20, 'num_category': 21, 'prob_th': 0.5, 'num_class': 21, 'top_view_region': array([[-10, 103],
       [ 10, 103],
       [-10,   3],
       [ 10,   3]]), 'anchor_y_steps': array([  3.        ,   8.26315789,  13.52631579,  18.78947368,
        24.05263158,  29.31578947,  34.57894737,  39.84210526,
        45.10526316,  50.36842105,  55.63157895,  60.89473684,
        66.15789Fri, 26-Jul-2024 16:30:03 runner.py[line:252] INFO ========================================
Args:Config (path: config/release_iccv/latr_1000_baseline.py): {'dataset_name': 'openlane', 'dataset': '1000', 'data_dir': '/root/workspace/data/openlane/lane3d_1000/', 'dataset_dir': '/root/workspace/data/openlane/images/', 'output_dir': 'openlane', 'org_h': 1280, 'org_w': 1920, 'crop_y': 0, 'ipm_h': 208, 'ipm_w': 128, 'resize_h': 720, 'resize_w': 960, 'mean': [0.485, 0.456, 0.406], 'std': [0.229, 0.224, 0.225], 'cam_height': 1.55, 'pitch': 3, 'fix_cam': False, 'pred_cam': False, 'model_name': 'LATR', 'weight_init': 'normal', 'mod': 'release_iccv/latr_1000_baseline', 'position_embedding': 'learned', 'max_lanes': 20, 'num_category': 21, 'prob_th': 0.5, 'num_class': 21, 'top_view_region': array([[-10, 103],
       [ 10, 103],
       [-10,   3],
       [ 10,   3]]), 'anchor_y_steps': array([  3.        ,   8.26315789,  13.52631579,  18.78947368,
        24.05263158,  29.31578947,  34.57894737,  39.84210526,
        45.10526316,  50.36842105,  55.63157895,  60.89473684,
        66.15789474,  71.42105263,  76.68421053,  81.94736842,
        87.21052632,  92.47368421,  97.73684211, 103.        ]), 'num_y_steps': 20, 'K': array([[1000.,    0.,  960.],
       [   0., 1000.,  640.],
       [   0.,    0.,    1.]]), 'use_default_anchor': False, 'batch_size': 4, 'nepochs': 24, 'no_cuda': False, 'nworkers': 10, 'start_epoch': 0, 'channels_in': 3, 'test_mode': False, 'evaluate': False, 'resume': '', 'no_tb': False, 'print_freq': 50, 'save_freq': 50, 'dist': True, 'sync_bn': True, 'cudnn': True, 'distributed': True, 'local_rank': 0, 'gpu': 0, 'world_size': 6, 'nodes': 1, 'eval_ckpt': '', 'resume_from': '', 'evaluate_case': '', 'eval_freq': 4, 'save_json_path': '/root/workspace/LATR/work_dirs/openlane/release_iccv/latr_1000_baseline', 'save_root': 'work_dirs', 'save_prefix': '/root/workspace/LATR/work_dirs', 'save_path': '/root/workspace/LATR/work_dirs/openlane/release_iccv/latr_1000_baseline', 'optimizer': 'adam', 'learning_rate': 0.0002, 'weight_decay': 0.001, 'lr_decay': False, 'niter': 900, 'niter_decay': 400, 'lr_policy': 'cosine', 'gamma': 0.1, 'lr_decay_iters': 10, 'T_max': 8, 'T_0': 8, 'T_mult': 2, 'eta_min': 1e-05, 'clip_grad_norm': 20.0, 'loss_threshold': 100000.0, 'Config': <class 'mmcv.utils.config.Config'>, 'pos_threshold': 0.3, 'enlarge_length': 20, 'position_range': [-30, -17, -5, 30, 123, 5.0], 'photo_aug': {'brightness_delta': 16, 'contrast_range': (0.5, 1.5), 'saturation_range': (0.5, 1.5), 'hue_delta': 9}, '_dim_': 256, 'num_query': 40, 'num_pt_per_line': 20, 'latr_cfg': {'fpn_dim': 256, 'num_query': 40, 'num_group': 1, 'sparse_num_group': 4, 'encoder': {'type': 'ResNet', 'depth': 50, 'num_stages': 4, 'out_indices': (1, 2, 3), 'frozen_stages': 1, 'norm_cfg': {'type': 'BN2d', 'requires_grad': False}, 'norm_eval': True, 'style': 'caffe', 'dcn': {'type': 'DCNv2', 'deform_groups': 1}, 'stage_with_dcn': (False, False, True, True), 'init_cfg': {'type': 'Pretrained', 'checkpoint': 'torchvision://resnet50'}}, 'neck': {'type': 'FPN', 'in_channels': [512, 1024, 2048], 'out_channels': 256, 'start_level': 0, 'add_extra_convs': 'on_output', 'num_outs': 4, 'relu_before_extra_convs': True}, 'head': {'pt_as_query': True, 'num_pt_per_line': 20, 'xs_loss_weight': 2.0, 'zs_loss_weight': 10.0, 'vis_loss_weight': 1.0, 'cls_loss_weight': 10, 'project_loss_weight': 1.0}, 'trans_params': {'init_z': 0, 'bev_h': 150, 'bev_w': 70}}, 'ms2one': {'type': 'DilateNaive', 'inc': 256, 'outc': 256, 'num_scales': 4, 'dilations': (1, 2, 5, 9)}, 'transformer': {'type': 'LATRTransformer', 'decoder': {'type': 'LATRTransformerDecoder', 'embed_dims': 256, 'num_layers': 6, 'enlarge_length': 20, 'M_decay_ratio': 1, 'num_query': 40, 'num_anchor_per_query': 20, 'anchor_y_steps': array([  3.        ,   8.26315789,  13.52631579,  18.78947368,
        24.05263158,  29.31578947,  34.57894737,  39.84210526,
        45.10526316,  50.36842105,  55.63157895,  60.89473684,
        66.15789474,  71.42105263,  76.68421053,  81.94736842,
        87.21052632,  92.47368421,  97.73684211, 103.        ]), 'transformerlayers': {'type': 'LATRDecoderLayer', 'attn_cfgs': [{'type': 'MultiheadAttention', 'embed_dims': 256, 'num_heads': 4, 'dropout': 0.1}, {'type': 'MSDeformableAttention3D', 'embed_dims': 256, 'num_heads': 4, 'num_levels': 1, 'num_points': 8, 'batch_first': False, 'num_query': 40, 'num_anchor_per_query': 20, 'anchor_y_steps': array([  3.        ,   8.26315789,  13.52631579,  18.78947368,
        24.05263158,  29.31578947,  34.57894737,  39.84210526,
        45.10526316,  50.36842105,  55.63157895,  60.89473684,
        66.15789474,  71.42105263,  76.68421053,  81.94736842,
        87.21052632,  92.47368421,  97.73684211, 103.        ]), 'dropout': 0.1}], 'ffn_cfgs': {'type': 'FFN', 'embed_dims': 256, 'feedforward_channels': 2048, 'num_fcs': 2, 'ffn_drop': 0.1, 'act_cfg': {'type': 'ReLU', 'inplace': True}}, 'feedforward_channels': 2048, 'operation_order': ('self_attn', 'norm', 'cross_attn', 'norm', 'ffn', 'norm')}}}, 'sparse_ins_decoder': Config (path: None): {'encoder': {'out_dims': 256}, 'decoder': {'num_query': 40, 'num_group': 1, 'sparse_num_group': 4, 'hidden_dim': 256, 'kernel_dim': 256, 'num_classes': 21, 'num_convs': 4, 'output_iam': True, 'scale_factor': 1.0, 'ce_weight': 2.0, 'mask_weight': 5.0, 'dice_weight': 2.0, 'objectness_weight': 1.0}, 'sparse_decoder_weight': 5.0}, 'optimizer_cfg': {'type': 'AdamW', 'lr': 0.0002, 'paramwise_cfg': {'custom_keys': {'sampling_offsets': {'lr_mult': 0.1}}}, 'weight_decay': 0.01}, 'use_slurm': False, 'config': 'config/release_iccv/latr_1000_baseline.py', 'cfg_options': None, 'proc_id': 0, 'anchor_y_steps_dense': array([  3.        ,   3.50251256,   4.00502513,   4.50753769,
         5.01005025,   5.51256281,   6.01507538,   6.51758794,
         7.0201005 ,   7.52261307,   8.02512563,   8.52763819,
         9.03015075,   9.53266332,  10.03517588,  10.53768844,
        11.04020101,  11.54271357,  12.04522613,  12.54773869,
        13.05025126,  13.55276382,  14.05527638,  14.55778894,
        15.06030151,  15.56281407,  16.06532663,  16.5678392 ,
        17.07035176,  17.57286432,  18.07537688,  18.57788945,
        19.08040201,  19.58291457,  20.08542714,  20.5879397 ,
        21.09045226,  21.59296482,  22.09547739,  22.59798995,
        23.10050251,  23.60301508,  24.10552764,  24.6080402 ,
        25.11055276,  25.61306533,  26.11557789,  26.61809045,
        27.12060302,  27.62311558,  28.12562814,  28.6281407 ,
        29.13065327,  29.63316583,  30.13567839,  30.63819095,
        31.14070352,  31.64321608,  32.14572864,  32.64824121,
        33.15075377,  33.65326633,  34.15577889,  34.65829146,
        35.16080402,  35.66331658,  36.16582915,  36.66834171,
        37.17085427,  37.67336683,  38.1758794 ,  38.67839196,
        39.18090452,  39.68341709,  40.18592965,  40.68844221,
        41.19095477,  41.69346734,  42.1959799 ,  42.69849246,
        43.20100503,  43.70351759,  44.20603015,  44.70854271,
        45.21105528,  45.71356784,  46.2160804 ,  46.71859296,
        47.22110553,  47.72361809,  48.22613065,  48.72864322,
        49.23115578,  49.73366834,  50.2361809 ,  50.73869347,
        51.24120603,  51.74371859,  52.24623116,  52.74874372,
        53.25125628,  53.75376884,  54.25628141,  54.75879397,
        55.26130653,  55.7638191 ,  56.26633166,  56.76884422,
        57.27135678,  57.77386935,  58.27638191,  58.77889447,
        59.28140704,  59.7839196 ,  60.28643216,  60.78894472,
        61.29145729,  61.79396985,  62.29648241,  62.79899497,
        63.30150754,  63.8040201 ,  64.30653266,  64.80904523,
        65.31155779,  65.81407035,  66.31658291,  66.81909548,
        67.32160804,  67.8241206 ,  68.32663317,  68.82914573,
        69.33165829,  692024-07-26 16:51:03,413 - mmdet - INFO - Init model: 'release_iccv/latr_1000_baseline'
2024-07-26 16:51:03,415 - mmdet - INFO - Number of parameters in model release_iccv/latr_1000_baseline is 46.839M
2024-07-26 16:51:03,415 - mmdet - INFO - 
 => Start train set for EPOCH 1
2024-07-26 16:51:03,415 - mmdet - INFO - lr is set to 0.0002
2024-07-26 16:51:57,963 - mmdet - INFO - Epoch: [1][50/6576]	Batch Time / Avg Time 0.834 (1.091)	Loss 52.45513153 | loss_ce_0:10.9246 | loss_objectness_0:0.0064 | loss_dice_0:12.6513 | loss_mask_0:0.7415 | all_xs_loss:19.2667 | all_zs_loss:5.3624 | all_vis_loss:0.6857 | all_cls_loss:0.1327 | project_loss:2.6837 
2024-07-26 16:52:38,477 - mmdet - INFO - Epoch: [1][100/6576]	Batch Time / Avg Time 0.808 (0.951)	Loss 48.54698563 | loss_ce_0:9.3942 | loss_objectness_0:2.4651 | loss_dice_0:9.2103 | loss_mask_0:0.5096 | all_xs_loss:10.2080 | all_zs_loss:13.4037 | all_vis_loss:0.7354 | all_cls_loss:0.1161 | project_loss:2.5046 
2024-07-26 16:53:19,841 - mmdet - INFO - Epoch: [1][150/6576]	Batch Time / Avg Time 0.829 (0.909)	Loss 25.46216774 | loss_ce_0:4.5942 | loss_objectness_0:3.3678 | loss_dice_0:2.3909 | loss_mask_0:0.1769 | all_xs_loss:5.4263 | all_zs_loss:6.6216 | all_vis_loss:0.6577 | all_cls_loss:0.0619 | project_loss:2.1648 
2024-07-26 16:54:01,163 - mmdet - INFO - Epoch: [1][200/6576]	Batch Time / Avg Time 0.864 (0.889)	Loss 23.83624077 | loss_ce_0:4.9797 | loss_objectness_0:2.2582 | loss_dice_0:3.1313 | loss_mask_0:0.4007 | all_xs_loss:3.7468 | all_zs_loss:6.3085 | all_vis_loss:0.4955 | all_cls_loss:0.0670 | project_loss:2.4486 
2024-07-26 16:54:42,418 - mmdet - INFO - Epoch: [1][250/6576]	Batch Time / Avg Time 0.857 (0.876)	Loss 28.87893677 | loss_ce_0:6.0817 | loss_objectness_0:3.4763 | loss_dice_0:2.7165 | loss_mask_0:0.3205 | all_xs_loss:7.9678 | all_zs_loss:5.2375 | all_vis_loss:0.6544 | all_cls_loss:0.0712 | project_loss:2.3532 
2024-07-26 16:55:23,346 - mmdet - INFO - Epoch: [1][300/6576]	Batch Time / Avg Time 0.785 (0.866)	Loss 24.65934372 | loss_ce_0:6.0703 | loss_objectness_0:3.5453 | loss_dice_0:3.7811 | loss_mask_0:0.3820 | all_xs_loss:3.7416 | all_zs_loss:3.6783 | all_vis_loss:0.7426 | all_cls_loss:0.0927 | project_loss:2.6255 
2024-07-26 16:56:04,727 - mmdet - INFO - Epoch: [1][350/6576]	Batch Time / Avg Time 0.864 (0.861)	Loss 26.24012375 | loss_ce_0:7.2073 | loss_objectness_0:3.3003 | loss_dice_0:4.0316 | loss_mask_0:0.2947 | all_xs_loss:5.2834 | all_zs_loss:2.9086 | all_vis_loss:0.7205 | all_cls_loss:0.0959 | project_loss:2.3978 
2024-07-26 16:56:46,065 - mmdet - INFO - Epoch: [1][400/6576]	Batch Time / Avg Time 0.846 (0.857)	Loss 19.46622086 | loss_ce_0:5.9263 | loss_objectness_0:3.1487 | loss_dice_0:3.5152 | loss_mask_0:0.3056 | all_xs_loss:2.3807 | all_zs_loss:1.8004 | all_vis_loss:0.3545 | all_cls_loss:0.0802 | project_loss:1.9546 
2024-07-26 16:57:27,277 - mmdet - INFO - Epoch: [1][450/6576]	Batch Time / Avg Time 0.791 (0.853)	Loss 24.60356331 | loss_ce_0:6.9759 | loss_objectness_0:3.4207 | loss_dice_0:3.8734 | loss_mask_0:0.2530 | all_xs_loss:4.1924 | all_zs_loss:2.8352 | all_vis_loss:0.5525 | all_cls_loss:0.1029 | project_loss:2.3976 
2024-07-26 16:58:08,231 - mmdet - INFO - Epoch: [1][500/6576]	Batch Time / Avg Time 0.782 (0.850)	Loss 36.28581619 | loss_ce_0:4.0714 | loss_objectness_0:4.2676 | loss_dice_0:1.1918 | loss_mask_0:0.1952 | all_xs_loss:6.1953 | all_zs_loss:17.9134 | all_vis_loss:0.5039 | all_cls_loss:0.0554 | project_loss:1.8919 
2024-07-26 16:58:49,008 - mmdet - INFO - Epoch: [1][550/6576]	Batch Time / Avg Time 0.842 (0.847)	Loss 28.93287659 | loss_ce_0:7.9686 | loss_objectness_0:3.4367 | loss_dice_0:4.0935 | loss_mask_0:0.2642 | all_xs_loss:4.4065 | all_zs_loss:6.4759 | all_vis_loss:0.7059 | all_cls_loss:0.1203 | project_loss:1.4613 
2024-07-26 16:59:29,692 - mmdet - INFO - Epoch: [1][600/6576]	Batch Time / Avg Time 0.813 (0.844)	Loss 20.15884018 | loss_ce_0:5.2361 | loss_objectness_0:3.4535 | loss_dice_0:3.3193 | loss_mask_0:0.2088 | all_xs_loss:1.4233 | all_zs_loss:3.1478 | all_vis_loss:0.6171 | all_cls_loss:0.0745 | project_loss:2.6784 
2024-07-26 17:00:10,963 - mmdet - INFO - Epoch: [1][650/6576]	Batch Time / Avg Time 0.864 (0.842)	Loss 29.42072296 | loss_ce_0:7.3158 | loss_objectness_0:3.2440 | loss_dice_0:3.3517 | loss_mask_0:0.1705 | all_xs_loss:5.5421 | all_zs_loss:6.7413 | all_vis_loss:0.6180 | all_cls_loss:0.0959 | project_loss:2.3415 
2024-07-26 17:00:52,236 - mmdet - INFO - Epoch: [1][700/6576]	Batch Time / Avg Time 0.790 (0.841)	Loss 17.82282639 | loss_ce_0:3.5477 | loss_objectness_0:3.4655 | loss_dice_0:1.4436 | loss_mask_0:0.2005 | all_xs_loss:3.4318 | all_zs_loss:3.6227 | all_vis_loss:0.4428 | all_cls_loss:0.0484 | project_loss:1.6198 
2024-07-26 17:01:33,216 - mmdet - INFO - Epoch: [1][750/6576]	Batch Time / Avg Time 0.847 (0.840)	Loss 31.52375793 | loss_ce_0:6.3875 | loss_objectness_0:3.2229 | loss_dice_0:3.8285 | loss_mask_0:0.2199 | all_xs_loss:6.2944 | all_zs_loss:8.7706 | all_vis_loss:0.6481 | all_cls_loss:0.0963 | project_loss:2.0556 
2024-07-26 17:02:14,650 - mmdet - INFO - Epoch: [1][800/6576]	Batch Time / Avg Time 0.793 (0.839)	Loss 32.28038788 | loss_ce_0:9.0587 | loss_objectness_0:3.3582 | loss_dice_0:5.3213 | loss_mask_0:0.2173 | all_xs_loss:5.9152 | all_zs_loss:5.8628 | all_vis_loss:0.6110 | all_cls_loss:0.1076 | project_loss:1.8284 
2024-07-26 17:02:55,503 - mmdet - INFO - Epoch: [1][850/6576]	Batch Time / Avg Time 0.820 (0.838)	Loss 24.88543892 | loss_ce_0:5.3797 | loss_objectness_0:3.2317 | loss_dice_0:2.4903 | loss_mask_0:0.2232 | all_xs_loss:3.6189 | all_zs_loss:6.8546 | all_vis_loss:0.6269 | all_cls_loss:0.0617 | project_loss:2.3984 
2024-07-26 17:03:36,846 - mmdet - INFO - Epoch: [1][900/6576]	Batch Time / Avg Time 0.818 (0.837)	Loss 22.84453392 | loss_ce_0:6.1263 | loss_objectness_0:3.3320 | loss_dice_0:3.6550 | loss_mask_0:0.2229 | all_xs_loss:2.4966 | all_zs_loss:4.2592 | all_vis_loss:0.5205 | all_cls_loss:0.0798 | project_loss:2.1523 
2024-07-26 17:04:17,907 - mmdet - INFO - Epoch: [1][950/6576]	Batch Time / Avg Time 0.803 (0.836)	Loss 28.39683723 | loss_ce_0:6.8681 | loss_objectness_0:3.4202 | loss_dice_0:6.4716 | loss_mask_0:0.2442 | all_xs_loss:4.0510 | all_zs_loss:3.8764 | all_vis_loss:0.5615 | all_cls_loss:0.1024 | project_loss:2.8014 
2024-07-26 17:04:58,812 - mmdet - INFO - Epoch: [1][1000/6576]	Batch Time / Avg Time 0.833 (0.835)	Loss 24.00396919 | loss_ce_0:6.5778 | loss_objectness_0:3.5303 | loss_dice_0:3.4284 | loss_mask_0:0.1984 | all_xs_loss:3.5694 | all_zs_loss:4.0939 | all_vis_loss:0.5118 | all_cls_loss:0.0854 | project_loss:2.0085 
2024-07-26 17:05:40,169 - mmdet - INFO - Epoch: [1][1050/6576]	Batch Time / Avg Time 0.820 (0.835)	Loss 30.48665237 | loss_ce_0:7.9456 | loss_objectness_0:3.2722 | loss_dice_0:4.1249 | loss_mask_0:0.2797 | all_xs_loss:5.0024 | all_zs_loss:6.9187 | all_vis_loss:0.5775 | all_cls_loss:0.0875 | project_loss:2.2782 
2024-07-26 17:06:21,167 - mmdet - INFO - Epoch: [1][1100/6576]	Batch Time / Avg Time 0.816 (0.834)	Loss 19.05039215 | loss_ce_0:4.3024 | loss_objectness_0:3.3950 | loss_dice_0:2.5364 | loss_mask_0:0.1665 | all_xs_loss:2.0533 | all_zs_loss:3.4730 | all_vis_loss:0.5313 | all_cls_loss:0.0645 | project_loss:2.5280 
2024-07-26 17:07:02,322 - mmdet - INFO - Epoch: [1][1150/6576]	Batch Time / Avg Time 0.840 (0.834)	Loss 20.81359291 | loss_ce_0:3.4446 | loss_objectness_0:3.4005 | loss_dice_0:2.0632 | loss_mask_0:0.2484 | all_xs_loss:3.8303 | all_zs_loss:4.8710 | all_vis_loss:0.6896 | all_cls_loss:0.0564 | project_loss:2.2097 
2024-07-26 17:07:43,566 - mmdet - INFO - Epoch: [1][1200/6576]	Batch Time / Avg Time 0.856 (0.833)	Loss 25.16012573 | loss_ce_0:4.0510 | loss_objectness_0:3.4029 | loss_dice_0:2.5006 | loss_mask_0:0.3256 | all_xs_loss:5.0171 | all_zs_loss:6.2562 | all_vis_loss:0.6127 | all_cls_loss:0.0747 | project_loss:2.9193 
2024-07-26 17:08:24,490 - mmdet - INFO - Epoch: [1][1250/6576]	Batch Time / Avg Time 0.810 (0.833)	Loss 22.19383430 | loss_ce_0:5.6104 | loss_objectness_0:3.3986 | loss_dice_0:2.4713 | loss_mask_0:0.1231 | all_xs_loss:2.2865 | all_zs_loss:5.3284 | all_vis_loss:0.5899 | all_cls_loss:0.0668 | project_loss:2.3189 
2024-07-26 17:09:05,305 - mmdet - INFO - Epoch: [1][1300/6576]	Batch Time / Avg Time 0.847 (0.832)	Loss 16.91170883 | loss_ce_0:1.6031 | loss_objectness_0:3.3278 | loss_dice_0:1.2086 | loss_mask_0:0.3718 | all_xs_loss:2.8388 | all_zs_loss:4.3471 | all_vis_loss:0.4883 | all_cls_loss:0.0412 | project_loss:2.6851 
2024-07-26 17:09:46,542 - mmdet - INFO - Epoch: [1][1350/6576]	Batch Time / Avg Time 0.795 (0.832)	Loss 22.24785233 | loss_ce_0:5.9174 | loss_objectness_0:3.3345 | loss_dice_0:3.3033 | loss_mask_0:0.1720 | all_xs_loss:2.1824 | all_zs_loss:4.3609 | all_vis_loss:0.4910 | all_cls_loss:0.0870 | project_loss:2.3993 
2024-07-26 17:10:27,781 - mmdet - INFO - Epoch: [1][1400/6576]	Batch Time / Avg Time 0.867 (0.832)	Loss 27.49057388 | loss_ce_0:7.6053 | loss_objectness_0:3.4212 | loss_dice_0:2.9327 | loss_mask_0:0.1222 | all_xs_loss:5.1665 | all_zs_loss:5.4071 | all_vis_loss:0.6770 | all_cls_loss:0.1038 | project_loss:2.0549 
2024-07-26 17:11:08,785 - mmdet - INFO - Epoch: [1][1450/6576]	Batch Time / Avg Time 0.852 (0.831)	Loss 28.30953407 | loss_ce_0:4.2544 | loss_objectness_0:3.2950 | loss_dice_0:2.2056 | loss_mask_0:0.1417 | all_xs_loss:7.6819 | all_zs_loss:8.2354 | all_vis_loss:0.6159 | all_cls_loss:0.0749 | project_loss:1.8047 
2024-07-26 17:11:50,060 - mmdet - INFO - Epoch: [1][1500/6576]	Batch Time / Avg Time 0.822 (0.831)	Loss 19.23813057 | loss_ce_0:5.2247 | loss_objectness_0:3.2898 | loss_dice_0:2.0293 | loss_mask_0:0.1114 | all_xs_loss:1.7582 | all_zs_loss:3.6877 | all_vis_loss:0.4744 | all_cls_loss:0.0664 | project_loss:2.5962 
2024-07-26 17:12:30,964 - mmdet - INFO - Epoch: [1][1550/6576]	Batch Time / Avg Time 0.818 (0.831)	Loss 31.51696777 | loss_ce_0:7.0183 | loss_objectness_0:3.4164 | loss_dice_0:4.5338 | loss_mask_0:0.2033 | all_xs_loss:5.0255 | all_zs_loss:8.1103 | all_vis_loss:0.6062 | all_cls_loss:0.0815 | project_loss:2.5218 
2024-07-26 17:13:12,541 - mmdet - INFO - Epoch: [1][1600/6576]	Batch Time / Avg Time 0.791 (0.831)	Loss 23.20906639 | loss_ce_0:5.8862 | loss_objectness_0:3.5546 | loss_dice_0:3.3940 | loss_mask_0:0.1713 | all_xs_loss:3.1329 | all_zs_loss:4.3381 | all_vis_loss:0.5182 | all_cls_loss:0.0721 | project_loss:2.1417 
2024-07-26 17:13:53,821 - mmdet - INFO - Epoch: [1][1650/6576]	Batch Time / Avg Time 0.829 (0.831)	Loss 32.50592804 | loss_ce_0:10.4779 | loss_objectness_0:3.3539 | loss_dice_0:4.9994 | loss_mask_0:0.1230 | all_xs_loss:4.3426 | all_zs_loss:6.5260 | all_vis_loss:0.5212 | all_cls_loss:0.0951 | project_loss:2.0669 
2024-07-26 17:14:34,833 - mmdet - INFO - Epoch: [1][1700/6576]	Batch Time / Avg Time 0.884 (0.830)	Loss 23.38917923 | loss_ce_0:6.6958 | loss_objectness_0:3.6337 | loss_dice_0:3.2110 | loss_mask_0:0.1075 | all_xs_loss:1.9230 | all_zs_loss:5.1111 | all_vis_loss:0.4442 | all_cls_loss:0.0696 | project_loss:2.1935 
2024-07-26 17:15:16,087 - mmdet - INFO - Epoch: [1][1750/6576]	Batch Time / Avg Time 0.823 (0.830)	Loss 18.97975731 | loss_ce_0:4.5017 | loss_objectness_0:3.5070 | loss_dice_0:1.6838 | loss_mask_0:0.1381 | all_xs_loss:2.0867 | all_zs_loss:4.3664 | all_vis_loss:0.4260 | all_cls_loss:0.0620 | project_loss:2.2079 
2024-07-26 17:15:57,114 - mmdet - INFO - Epoch: [1][1800/6576]	Batch Time / Avg Time 0.846 (0.830)	Loss 16.00382805 | loss_ce_0:4.2575 | loss_objectness_0:3.2140 | loss_dice_0:1.8549 | loss_mask_0:0.0791 | all_xs_loss:1.4786 | all_zs_loss:2.1919 | all_vis_loss:0.4196 | all_cls_loss:0.0609 | project_loss:2.4474 
2024-07-26 17:16:38,573 - mmdet - INFO - Epoch: [1][1850/6576]	Batch Time / Avg Time 0.807 (0.830)	Loss 22.04048157 | loss_ce_0:1.1764 | loss_objectness_0:3.7849 | loss_dice_0:0.8903 | loss_mask_0:0.1464 | all_xs_loss:6.5323 | all_zs_loss:6.6532 | all_vis_loss:0.4815 | all_cls_loss:0.0287 | project_loss:2.3469 
2024-07-26 17:17:20,043 - mmdet - INFO - Epoch: [1][1900/6576]	Batch Time / Avg Time 0.812 (0.830)	Loss 17.87650108 | loss_ce_0:1.3434 | loss_objectness_0:3.3487 | loss_dice_0:2.1213 | loss_mask_0:0.1701 | all_xs_loss:3.0342 | all_zs_loss:5.1345 | all_vis_loss:0.3651 | all_cls_loss:0.0365 | project_loss:2.3226 
2024-07-26 17:18:00,792 - mmdet - INFO - Epoch: [1][1950/6576]	Batch Time / Avg Time 0.813 (0.829)	Loss 15.69803333 | loss_ce_0:2.6890 | loss_objectness_0:3.3600 | loss_dice_0:1.8686 | loss_mask_0:0.1614 | all_xs_loss:1.9710 | all_zs_loss:3.5864 | all_vis_loss:0.5230 | all_cls_loss:0.0473 | project_loss:1.4913 
2024-07-26 17:18:41,585 - mmdet - INFO - Epoch: [1][2000/6576]	Batch Time / Avg Time 0.846 (0.829)	Loss 19.86696815 | loss_ce_0:4.7496 | loss_objectness_0:3.3258 | loss_dice_0:2.7717 | loss_mask_0:0.1632 | all_xs_loss:2.1587 | all_zs_loss:4.5240 | all_vis_loss:0.5389 | all_cls_loss:0.0604 | project_loss:1.5748 
2024-07-26 17:19:21,850 - mmdet - INFO - Epoch: [1][2050/6576]	Batch Time / Avg Time 0.791 (0.828)	Loss 16.14803886 | loss_ce_0:2.6750 | loss_objectness_0:3.1902 | loss_dice_0:2.1535 | loss_mask_0:0.1644 | all_xs_loss:1.7931 | all_zs_loss:3.3404 | all_vis_loss:0.3498 | all_cls_loss:0.0426 | project_loss:2.4390 
2024-07-26 17:20:02,999 - mmdet - INFO - Epoch: [1][2100/6576]	Batch Time / Avg Time 0.831 (0.828)	Loss 21.49607849 | loss_ce_0:6.2651 | loss_objectness_0:3.3338 | loss_dice_0:4.3294 | loss_mask_0:0.1598 | all_xs_loss:2.4663 | all_zs_loss:2.7302 | all_vis_loss:0.4655 | all_cls_loss:0.0597 | project_loss:1.6863 
2024-07-26 17:20:44,403 - mmdet - INFO - Epoch: [1][2150/6576]	Batch Time / Avg Time 0.863 (0.828)	Loss 29.37443924 | loss_ce_0:3.3804 | loss_objectness_0:3.2558 | loss_dice_0:1.7331 | loss_mask_0:0.2122 | all_xs_loss:5.8983 | all_zs_loss:11.6051 | all_vis_loss:0.8388 | all_cls_loss:0.0457 | project_loss:2.4050 
2024-07-26 17:21:25,386 - mmdet - INFO - Epoch: [1][2200/6576]	Batch Time / Avg Time 0.816 (0.828)	Loss 17.72126770 | loss_ce_0:4.0487 | loss_objectness_0:3.3130 | loss_dice_0:2.5826 | loss_mask_0:0.1173 | all_xs_loss:1.8424 | all_zs_loss:3.9418 | all_vis_loss:0.3397 | all_cls_loss:0.0573 | project_loss:1.4784 
2024-07-26 17:22:06,345 - mmdet - INFO - Epoch: [1][2250/6576]	Batch Time / Avg Time 0.810 (0.828)	Loss 19.08632851 | loss_ce_0:5.1156 | loss_objectness_0:3.1793 | loss_dice_0:2.4869 | loss_mask_0:0.1657 | all_xs_loss:2.3608 | all_zs_loss:3.0613 | all_vis_loss:0.3675 | all_cls_loss:0.0677 | project_loss:2.2817 
2024-07-26 17:22:47,717 - mmdet - INFO - Epoch: [1][2300/6576]	Batch Time / Avg Time 0.880 (0.828)	Loss 19.81689072 | loss_ce_0:2.4312 | loss_objectness_0:3.4553 | loss_dice_0:1.2292 | loss_mask_0:0.2630 | all_xs_loss:3.2397 | all_zs_loss:6.4034 | all_vis_loss:0.3052 | all_cls_loss:0.0304 | project_loss:2.4593 
2024-07-26 17:23:28,837 - mmdet - INFO - Epoch: [1][2350/6576]	Batch Time / Avg Time 0.813 (0.828)	Loss 18.85211563 | loss_ce_0:4.2276 | loss_objectness_0:3.5844 | loss_dice_0:3.0754 | loss_mask_0:0.3136 | all_xs_loss:3.3486 | all_zs_loss:2.5046 | all_vis_loss:0.3165 | all_cls_loss:0.0488 | project_loss:1.4326 
2024-07-26 17:24:10,147 - mmdet - INFO - Epoch: [1][2400/6576]	Batch Time / Avg Time 0.813 (0.828)	Loss 18.22049332 | loss_ce_0:2.9231 | loss_objectness_0:3.3073 | loss_dice_0:2.9915 | loss_mask_0:0.1676 | all_xs_loss:1.7943 | all_zs_loss:4.6481 | all_vis_loss:0.4076 | all_cls_loss:0.0431 | project_loss:1.9378 
2024-07-26 17:24:51,137 - mmdet - INFO - Epoch: [1][2450/6576]	Batch Time / Avg Time 0.815 (0.828)	Loss 24.41828728 | loss_ce_0:3.6807 | loss_objectness_0:3.5597 | loss_dice_0:3.3416 | loss_mask_0:0.2594 | all_xs_loss:3.7739 | all_zs_loss:6.6474 | all_vis_loss:0.5614 | all_cls_loss:0.0571 | project_loss:2.5371 
2024-07-26 17:25:32,069 - mmdet - INFO - Epoch: [1][2500/6576]	Batch Time / Avg Time 0.849 (0.827)	Loss 14.51811886 | loss_ce_0:2.6609 | loss_objectness_0:3.2205 | loss_dice_0:1.8015 | loss_mask_0:0.1801 | all_xs_loss:2.4835 | all_zs_loss:2.2694 | all_vis_loss:0.3943 | all_cls_loss:0.0409 | project_loss:1.4671 
2024-07-26 17:26:13,399 - mmdet - INFO - Epoch: [1][2550/6576]	Batch Time / Avg Time 0.831 (0.827)	Loss 23.07671356 | loss_ce_0:4.0879 | loss_objectness_0:3.3227 | loss_dice_0:2.6643 | loss_mask_0:0.1674 | all_xs_loss:2.4339 | all_zs_loss:7.0715 | all_vis_loss:0.4792 | all_cls_loss:0.0589 | project_loss:2.7909 
2024-07-26 17:26:54,211 - mmdet - INFO - Epoch: [1][2600/6576]	Batch Time / Avg Time 0.814 (0.827)	Loss 17.56497765 | loss_ce_0:2.0381 | loss_objectness_0:3.1645 | loss_dice_0:2.0341 | loss_mask_0:0.1456 | all_xs_loss:1.9061 | all_zs_loss:5.6682 | all_vis_loss:0.2639 | all_cls_loss:0.0200 | project_loss:2.3244 
2024-07-26 17:27:35,022 - mmdet - INFO - Epoch: [1][2650/6576]	Batch Time / Avg Time 0.779 (0.827)	Loss 26.02818298 | loss_ce_0:8.8236 | loss_objectness_0:3.1505 | loss_dice_0:4.1814 | loss_mask_0:0.1001 | all_xs_loss:2.2799 | all_zs_loss:4.4732 | all_vis_loss:0.5756 | all_cls_loss:0.1125 | project_loss:2.3315 
2024-07-26 17:28:15,478 - mmdet - INFO - Epoch: [1][2700/6576]	Batch Time / Avg Time 0.817 (0.827)	Loss 15.99199963 | loss_ce_0:2.8164 | loss_objectness_0:3.2760 | loss_dice_0:2.1891 | loss_mask_0:0.1474 | all_xs_loss:2.0662 | all_zs_loss:2.5359 | all_vis_loss:0.4772 | all_cls_loss:0.0473 | project_loss:2.4364 
2024-07-26 17:28:56,171 - mmdet - INFO - Epoch: [1][2750/6576]	Batch Time / Avg Time 0.861 (0.826)	Loss 16.63280106 | loss_ce_0:2.6914 | loss_objectness_0:3.4593 | loss_dice_0:1.5101 | loss_mask_0:0.1998 | all_xs_loss:1.8670 | all_zs_loss:4.6862 | all_vis_loss:0.4634 | all_cls_loss:0.0321 | project_loss:1.7235 
2024-07-26 17:29:37,049 - mmdet - INFO - Epoch: [1][2800/6576]	Batch Time / Avg Time 0.803 (0.826)	Loss 11.63309288 | loss_ce_0:1.4863 | loss_objectness_0:3.1620 | loss_dice_0:1.2347 | loss_mask_0:0.1351 | all_xs_loss:1.5852 | all_zs_loss:1.7844 | all_vis_loss:0.2127 | all_cls_loss:0.0257 | project_loss:2.0071 
2024-07-26 17:30:18,065 - mmdet - INFO - Epoch: [1][2850/6576]	Batch Time / Avg Time 0.870 (0.826)	Loss 18.51343346 | loss_ce_0:4.1244 | loss_objectness_0:3.0501 | loss_dice_0:2.0320 | loss_mask_0:0.1235 | all_xs_loss:1.7994 | all_zs_loss:5.0582 | all_vis_loss:0.5609 | all_cls_loss:0.0494 | project_loss:1.7153 
2024-07-26 17:30:59,248 - mmdet - INFO - Epoch: [1][2900/6576]	Batch Time / Avg Time 0.845 (0.826)	Loss 17.31512833 | loss_ce_0:3.1519 | loss_objectness_0:3.3956 | loss_dice_0:2.7571 | loss_mask_0:0.1365 | all_xs_loss:2.3255 | all_zs_loss:2.4600 | all_vis_loss:0.3017 | all_cls_loss:0.0360 | project_loss:2.7510 
2024-07-26 17:31:40,464 - mmdet - INFO - Epoch: [1][2950/6576]	Batch Time / Avg Time 0.813 (0.826)	Loss 27.16116333 | loss_ce_0:3.0239 | loss_objectness_0:3.2312 | loss_dice_0:2.1339 | loss_mask_0:0.1394 | all_xs_loss:3.0840 | all_zs_loss:13.5320 | all_vis_loss:0.4414 | all_cls_loss:0.0433 | project_loss:1.5320 
_xs_loss:2.0662 | all_zs_loss:2.5359 | all_vis_loss:0.4772 | all_cls_loss:0.0473 | project_loss:2.4364 
Fri, 26-Jul-2024 17:30:56 runner.py[line:202] INFO Epoch: [1][2750/6576]	Batch Time / Avg Time 0.861 (0.826)	Loss 16.63280106 | loss_ce_0:2.6914 | loss_objectness_0:3.4593 | loss_dice_0:1.5101 | loss_mask_0:0.1998 | all_xs_loss:1.8670 | all_zs_loss:4.6862 | all_vis_loss:0.4634 | all_cls_loss:0.0321 | project_loss:1.7235 
Fri, 26-Jul-2024 17:30:37 runner.py[line:202] INFO Epoch: [1][2800/6576]	Batch Time / Avg Time 0.803 (0.826)	Loss 11.63309288 | loss_ce_0:1.4863 | loss_objectness_0:3.1620 | loss_dice_0:1.2347 | loss_mask_0:0.1351 | all_xs_loss:1.5852 | all_zs_loss:1.7844 | all_vis_loss:0.2127 | all_cls_loss:0.0257 | project_loss:2.0071 
Fri, 26-Jul-2024 17:30:18 runner.py[line:202] INFO Epoch: [1][2850/6576]	Batch Time / Avg Time 0.870 (0.826)	Loss 18.51343346 | loss_ce_0:4.1244 | loss_objectness_0:3.0501 | loss_dice_0:2.0320 | loss_mask_0:0.1235 | all_xs_loss:1.7994 | all_zs_loss:5.0582 | all_vis_loss:0.5609 | all_cls_loss:0.0494 | project_loss:1.7153 
Fri, 26-Jul-2024 17:30:59 runner.py[line:202] INFO Epoch: [1][2900/6576]	Batch Time / Avg Time 0.845 (0.826)	Loss 17.31512833 | loss_ce_0:3.1519 | loss_objectness_0:3.3956 | loss_dice_0:2.7571 | loss_mask_0:0.1365 | all_xs_loss:2.3255 | all_zs_loss:2.4600 | all_vis_loss:0.3017 | all_cls_loss:0.0360 | project_loss:2.7510 
Fri, 26-Jul-2024 17:30:40 runner.py[line:202] INFO Epoch: [1][2950/6576]	Batch Time / Avg Time 0.813 (0.826)	Loss 27.16116333 | loss_ce_0:3.0239 | loss_objectness_0:3.2312 | loss_dice_0:2.1339 | loss_mask_0:0.1394 | all_xs_loss:3.0840 | all_zs_loss:13.5320 | all_vis_loss:0.4414 | all_cls_loss:0.0433 | project_loss:1.5320 
